#-----------------------------------------------------------
# Vivado v2024.1 (64-bit)
# SW Build 5076996 on Wed May 22 18:37:14 MDT 2024
# IP Build 5075265 on Wed May 22 21:45:21 MDT 2024
# SharedData Build 5076995 on Wed May 22 18:29:18 MDT 2024
# Start of session at: Mon Dec 16 00:13:49 2024
# Process ID: 35004
# Current directory: C:/Users/Paing Htet Kyaw/VDHL Projects/T05_M3_Project_VFinal/T05_M3_Project_VFinal.runs/clk_wiz_0_synth_1
# Command line: vivado.exe -log clk_wiz_0.vds -product Vivado -mode batch -messageDb vivado.pb -notrace -source clk_wiz_0.tcl
# Log file: C:/Users/Paing Htet Kyaw/VDHL Projects/T05_M3_Project_VFinal/T05_M3_Project_VFinal.runs/clk_wiz_0_synth_1/clk_wiz_0.vds
# Journal file: C:/Users/Paing Htet Kyaw/VDHL Projects/T05_M3_Project_VFinal/T05_M3_Project_VFinal.runs/clk_wiz_0_synth_1\vivado.jou
# Running On        :MSI
# Platform          :Windows Server 2016 or Windows 10
# Operating System  :22631
# Processor Detail  :13th Gen Intel(R) Core(TM) i7-13620H
# CPU Frequency     :2918 MHz
# CPU Physical cores:10
# CPU Logical cores :16
# Host memory       :16868 MB
# Swap memory       :22548 MB
# Total Virtual     :39417 MB
# Available Virtual :15296 MB
#-----------------------------------------------------------
source clk_wiz_0.tcl -notrace
